// Jest Snapshot v1, https://goo.gl/fbAQLP

exports[`should render banner text correctly with given strings 1`] = `ShallowWrapper {}`;

exports[`should render correctly with no props 1`] = `ShallowWrapper {}`;
